
  .   ____          _            __ _ _
 /\\ / ___'_ __ _ _(_)_ __  __ _ \ \ \ \
( ( )\___ | '_ | '_| | '_ \/ _` | \ \ \ \
 \\/  ___)| |_)| | | | | || (_| |  ) ) ) )
  '  |____| .__|_| |_|_| |_\__, | / / / /
 =========|_|==============|___/=/_/_/_/

 :: Spring Boot ::                (v4.1.0)

2026-07-30T00:16:05.909+06:00  INFO 11332 --- [Enterprise-Saas-Application] [           main] com.Anto.EnterpriseSaasApplication       : Starting EnterpriseSaasApplication v0.0.1-SNAPSHOT using Java 25.0.3 with PID 11332 (E:\Web Projects\enterprise-application\Enterprise Saas Application\Enterprise-Saas-Application\target\Enterprise-Saas-Application-0.0.1-SNAPSHOT.jar started by D Dorian in E:\Web Projects\enterprise-application\Enterprise Saas Application\Enterprise-Saas-Application)
2026-07-30T00:16:05.913+06:00  INFO 11332 --- [Enterprise-Saas-Application] [           main] com.Anto.EnterpriseSaasApplication       : No active profile set, falling back to 1 default profile: "default"
2026-07-30T00:16:06.968+06:00  INFO 11332 --- [Enterprise-Saas-Application] [           main] .s.d.r.c.RepositoryConfigurationDelegate : Bootstrapping Spring Data JPA repositories in DEFAULT mode.
2026-07-30T00:16:07.038+06:00  INFO 11332 --- [Enterprise-Saas-Application] [           main] .s.d.r.c.RepositoryConfigurationDelegate : Finished Spring Data repository scanning in 60 ms. Found 11 JPA repository interfaces.
2026-07-30T00:16:07.655+06:00  INFO 11332 --- [Enterprise-Saas-Application] [           main] o.s.boot.tomcat.TomcatWebServer          : Tomcat initialized with port 5000 (http)
2026-07-30T00:16:07.667+06:00  INFO 11332 --- [Enterprise-Saas-Application] [           main] o.apache.catalina.core.StandardService   : Starting service [Tomcat]
2026-07-30T00:16:07.668+06:00  INFO 11332 --- [Enterprise-Saas-Application] [           main] o.apache.catalina.core.StandardEngine    : Starting Servlet engine: [Apache Tomcat/11.0.22]
2026-07-30T00:16:07.695+06:00  INFO 11332 --- [Enterprise-Saas-Application] [           main] b.w.c.s.WebApplicationContextInitializer : Root WebApplicationContext: initialization completed in 1705 ms
2026-07-30T00:16:07.994+06:00  INFO 11332 --- [Enterprise-Saas-Application] [           main] org.hibernate.orm.jpa                    : HHH008540: Processing PersistenceUnitInfo [name: default]
2026-07-30T00:16:08.045+06:00  INFO 11332 --- [Enterprise-Saas-Application] [           main] org.hibernate.orm.core                   : HHH000001: Hibernate ORM core version 7.4.1.Final
2026-07-30T00:16:08.499+06:00  INFO 11332 --- [Enterprise-Saas-Application] [           main] o.s.o.j.p.SpringPersistenceUnitInfo      : No LoadTimeWeaver setup: ignoring JPA class transformer
2026-07-30T00:16:08.532+06:00  INFO 11332 --- [Enterprise-Saas-Application] [           main] com.zaxxer.hikari.HikariDataSource       : HikariPool-1 - Starting...
2026-07-30T00:16:08.788+06:00  INFO 11332 --- [Enterprise-Saas-Application] [           main] com.zaxxer.hikari.pool.HikariPool        : HikariPool-1 - Added connection com.mysql.cj.jdbc.ConnectionImpl@15c4b1a4
2026-07-30T00:16:08.790+06:00  INFO 11332 --- [Enterprise-Saas-Application] [           main] com.zaxxer.hikari.HikariDataSource       : HikariPool-1 - Start completed.
2026-07-30T00:16:08.858+06:00  INFO 11332 --- [Enterprise-Saas-Application] [           main] org.hibernate.orm.connections.pooling    : HHH10001005: Database info:
	Database JDBC URL [jdbc:mysql://localhost:3306/pos_sys]
	Database driver: MySQL Connector/J
	Database dialect: MySQLDialect
	Database version: 8.0.46
	Default catalog/schema: pos_sys/undefined
	Autocommit mode: undefined/unknown
	Isolation level: REPEATABLE_READ [default REPEATABLE_READ]
	JDBC fetch size: none
	Pool: DataSourceConnectionProvider
	Minimum pool size: undefined/unknown
	Maximum pool size: undefined/unknown
2026-07-30T00:16:10.005+06:00  INFO 11332 --- [Enterprise-Saas-Application] [           main] org.hibernate.orm.core                   : HHH000489: No JTA platform available (set 'hibernate.transaction.jta.platform' to enable JTA platform integration)
2026-07-30T00:16:10.090+06:00  INFO 11332 --- [Enterprise-Saas-Application] [           main] j.LocalContainerEntityManagerFactoryBean : Initialized JPA EntityManagerFactory for persistence unit 'default'
2026-07-30T00:16:10.159+06:00  INFO 11332 --- [Enterprise-Saas-Application] [           main] o.s.d.j.r.query.QueryEnhancerFactories   : Hibernate is in classpath; If applicable, HQL parser will be used.
2026-07-30T00:16:11.199+06:00  WARN 11332 --- [Enterprise-Saas-Application] [           main] JpaBaseConfiguration$JpaWebConfiguration : spring.jpa.open-in-view is enabled by default. Therefore, database queries may be performed during view rendering. Explicitly configure spring.jpa.open-in-view to disable this warning
2026-07-30T00:16:11.292+06:00  INFO 11332 --- [Enterprise-Saas-Application] [           main] r$InitializeUserDetailsManagerConfigurer : Global AuthenticationManager configured with UserDetailsService bean with name customUserImplementation
2026-07-30T00:16:11.832+06:00  INFO 11332 --- [Enterprise-Saas-Application] [           main] o.s.b.a.e.web.EndpointLinksResolver      : Exposing 1 endpoint beneath base path '/actuator'
2026-07-30T00:16:11.907+06:00  INFO 11332 --- [Enterprise-Saas-Application] [           main] o.s.boot.tomcat.TomcatWebServer          : Tomcat started on port 5000 (http) with context path '/'
2026-07-30T00:16:11.915+06:00  INFO 11332 --- [Enterprise-Saas-Application] [           main] com.Anto.EnterpriseSaasApplication       : Started EnterpriseSaasApplication in 6.821 seconds (process running for 7.351)
2026-07-30T00:16:32.110+06:00  INFO 11332 --- [Enterprise-Saas-Application] [nio-5000-exec-1] o.a.c.c.C.[Tomcat].[localhost].[/]       : Initializing Spring DispatcherServlet 'dispatcherServlet'
2026-07-30T00:16:32.111+06:00  INFO 11332 --- [Enterprise-Saas-Application] [nio-5000-exec-1] o.s.web.servlet.DispatcherServlet        : Initializing Servlet 'dispatcherServlet'
2026-07-30T00:16:32.113+06:00  INFO 11332 --- [Enterprise-Saas-Application] [nio-5000-exec-1] o.s.web.servlet.DispatcherServlet        : Completed initialization in 2 ms
