
  .   ____          _            __ _ _
 /\\ / ___'_ __ _ _(_)_ __  __ _ \ \ \ \
( ( )\___ | '_ | '_| | '_ \/ _` | \ \ \ \
 \\/  ___)| |_)| | | | | || (_| |  ) ) ) )
  '  |____| .__|_| |_|_| |_\__, | / / / /
 =========|_|==============|___/=/_/_/_/

 :: Spring Boot ::                (v4.1.0)

2026-07-30T00:13:57.883+06:00  INFO 9952 --- [Enterprise-Saas-Application] [           main] com.Anto.EnterpriseSaasApplication       : Starting EnterpriseSaasApplication v0.0.1-SNAPSHOT using Java 25.0.3 with PID 9952 (E:\Web Projects\enterprise-application\Enterprise Saas Application\Enterprise-Saas-Application\target\Enterprise-Saas-Application-0.0.1-SNAPSHOT.jar started by D Dorian in E:\Web Projects\enterprise-application\Enterprise Saas Application\Enterprise-Saas-Application)
2026-07-30T00:13:57.886+06:00  INFO 9952 --- [Enterprise-Saas-Application] [           main] com.Anto.EnterpriseSaasApplication       : No active profile set, falling back to 1 default profile: "default"
2026-07-30T00:13:58.806+06:00  INFO 9952 --- [Enterprise-Saas-Application] [           main] .s.d.r.c.RepositoryConfigurationDelegate : Bootstrapping Spring Data JPA repositories in DEFAULT mode.
2026-07-30T00:13:58.870+06:00  INFO 9952 --- [Enterprise-Saas-Application] [           main] .s.d.r.c.RepositoryConfigurationDelegate : Finished Spring Data repository scanning in 57 ms. Found 11 JPA repository interfaces.
2026-07-30T00:13:59.500+06:00  INFO 9952 --- [Enterprise-Saas-Application] [           main] o.s.boot.tomcat.TomcatWebServer          : Tomcat initialized with port 5000 (http)
2026-07-30T00:13:59.512+06:00  INFO 9952 --- [Enterprise-Saas-Application] [           main] o.apache.catalina.core.StandardService   : Starting service [Tomcat]
2026-07-30T00:13:59.513+06:00  INFO 9952 --- [Enterprise-Saas-Application] [           main] o.apache.catalina.core.StandardEngine    : Starting Servlet engine: [Apache Tomcat/11.0.22]
2026-07-30T00:13:59.541+06:00  INFO 9952 --- [Enterprise-Saas-Application] [           main] b.w.c.s.WebApplicationContextInitializer : Root WebApplicationContext: initialization completed in 1608 ms
2026-07-30T00:13:59.829+06:00  INFO 9952 --- [Enterprise-Saas-Application] [           main] org.hibernate.orm.jpa                    : HHH008540: Processing PersistenceUnitInfo [name: default]
2026-07-30T00:13:59.876+06:00  INFO 9952 --- [Enterprise-Saas-Application] [           main] org.hibernate.orm.core                   : HHH000001: Hibernate ORM core version 7.4.1.Final
2026-07-30T00:14:00.249+06:00  INFO 9952 --- [Enterprise-Saas-Application] [           main] o.s.o.j.p.SpringPersistenceUnitInfo      : No LoadTimeWeaver setup: ignoring JPA class transformer
2026-07-30T00:14:00.279+06:00  INFO 9952 --- [Enterprise-Saas-Application] [           main] com.zaxxer.hikari.HikariDataSource       : HikariPool-1 - Starting...
2026-07-30T00:14:00.556+06:00  INFO 9952 --- [Enterprise-Saas-Application] [           main] com.zaxxer.hikari.pool.HikariPool        : HikariPool-1 - Added connection com.mysql.cj.jdbc.ConnectionImpl@2f39b534
2026-07-30T00:14:00.558+06:00  INFO 9952 --- [Enterprise-Saas-Application] [           main] com.zaxxer.hikari.HikariDataSource       : HikariPool-1 - Start completed.
2026-07-30T00:14:00.630+06:00  INFO 9952 --- [Enterprise-Saas-Application] [           main] org.hibernate.orm.connections.pooling    : HHH10001005: Database info:
	Database JDBC URL [jdbc:mysql://localhost:3306/pos_sys]
	Database driver: MySQL Connector/J
	Database dialect: MySQLDialect
	Database version: 8.0.46
	Default catalog/schema: pos_sys/undefined
	Autocommit mode: undefined/unknown
	Isolation level: REPEATABLE_READ [default REPEATABLE_READ]
	JDBC fetch size: none
	Pool: DataSourceConnectionProvider
	Minimum pool size: undefined/unknown
	Maximum pool size: undefined/unknown
2026-07-30T00:14:01.767+06:00  INFO 9952 --- [Enterprise-Saas-Application] [           main] org.hibernate.orm.core                   : HHH000489: No JTA platform available (set 'hibernate.transaction.jta.platform' to enable JTA platform integration)
2026-07-30T00:14:01.857+06:00  INFO 9952 --- [Enterprise-Saas-Application] [           main] j.LocalContainerEntityManagerFactoryBean : Initialized JPA EntityManagerFactory for persistence unit 'default'
2026-07-30T00:14:01.933+06:00  INFO 9952 --- [Enterprise-Saas-Application] [           main] o.s.d.j.r.query.QueryEnhancerFactories   : Hibernate is in classpath; If applicable, HQL parser will be used.
2026-07-30T00:14:02.981+06:00  WARN 9952 --- [Enterprise-Saas-Application] [           main] JpaBaseConfiguration$JpaWebConfiguration : spring.jpa.open-in-view is enabled by default. Therefore, database queries may be performed during view rendering. Explicitly configure spring.jpa.open-in-view to disable this warning
2026-07-30T00:14:03.085+06:00  INFO 9952 --- [Enterprise-Saas-Application] [           main] r$InitializeUserDetailsManagerConfigurer : Global AuthenticationManager configured with UserDetailsService bean with name customUserImplementation
2026-07-30T00:14:03.656+06:00  INFO 9952 --- [Enterprise-Saas-Application] [           main] o.s.b.a.e.web.EndpointLinksResolver      : Exposing 1 endpoint beneath base path '/actuator'
2026-07-30T00:14:03.710+06:00  WARN 9952 --- [Enterprise-Saas-Application] [           main] ConfigServletWebServerApplicationContext : Exception encountered during context initialization - cancelling refresh attempt: org.springframework.context.ApplicationContextException: Failed to start bean 'webServerStartStop'
2026-07-30T00:14:03.714+06:00  INFO 9952 --- [Enterprise-Saas-Application] [           main] j.LocalContainerEntityManagerFactoryBean : Closing JPA EntityManagerFactory for persistence unit 'default'
2026-07-30T00:14:03.717+06:00  INFO 9952 --- [Enterprise-Saas-Application] [           main] com.zaxxer.hikari.HikariDataSource       : HikariPool-1 - Shutdown initiated...
2026-07-30T00:14:03.723+06:00  INFO 9952 --- [Enterprise-Saas-Application] [           main] com.zaxxer.hikari.HikariDataSource       : HikariPool-1 - Shutdown completed.
2026-07-30T00:14:03.736+06:00  INFO 9952 --- [Enterprise-Saas-Application] [           main] .s.b.a.l.ConditionEvaluationReportLogger : 

Error starting ApplicationContext. To display the condition evaluation report re-run your application with 'debug' enabled.
2026-07-30T00:14:03.749+06:00 ERROR 9952 --- [Enterprise-Saas-Application] [           main] o.s.b.d.LoggingFailureAnalysisReporter   : 

***************************
APPLICATION FAILED TO START
***************************

Description:

Web server failed to start. Port 5000 was already in use.

Action:

Identify and stop the process that's listening on port 5000 or configure this application to listen on another port.

